// Jest Snapshot v1, https://goo.gl/fbAQLP

exports[`todoapp tests snapshot tests should match snapshot with tasks when rendered 1`] = `
<div
  className="todoapp stack-large"
>
  <form
    onSubmit={[Function]}
  >
    <h2
      className="label-wrapper"
    >
      <label
        className="label__lg"
        htmlFor="new-todo-input"
      >
        What needs to be done?
      </label>
    </h2>
    <input
      autoComplete="off"
      className="input input__lg"
      data-testid="new-todo-input"
      id="new-todo-input"
      name="text"
      onChange={[Function]}
      type="text"
      value=""
    />
    <button
      className="btn btn__primary btn__lg"
      data-testid="new-todo-button"
      type="submit"
    >
      Add
    </button>
  </form>
  <div
    className="filters btn-group stack-exception"
  >
    <button
      aria-pressed={true}
      className="btn toggle-btn"
      onClick={[Function]}
      type="button"
    >
      <span
        className="visually-hidden"
      >
        Show 
      </span>
      <span>
        All
      </span>
      <span
        className="visually-hidden"
      >
         tasks
      </span>
    </button>
    <button
      aria-pressed={false}
      className="btn toggle-btn"
      onClick={[Function]}
      type="button"
    >
      <span
        className="visually-hidden"
      >
        Show 
      </span>
      <span>
        Active
      </span>
      <span
        className="visually-hidden"
      >
         tasks
      </span>
    </button>
    <button
      aria-pressed={false}
      className="btn toggle-btn"
      onClick={[Function]}
      type="button"
    >
      <span
        className="visually-hidden"
      >
        Show 
      </span>
      <span>
        Completed
      </span>
      <span
        className="visually-hidden"
      >
         tasks
      </span>
    </button>
  </div>
  <h2
    id="list-heading"
  >
    3 tasks remaining
  </h2>
  <ul
    aria-labelledby="list-heading"
    className="todo-list stack-large stack-exception"
    role="list"
  >
    <li
      className="todo"
    >
      <div
        className="stack-small"
        data-testid="todo-view"
      >
        <div
          className="c-cb"
        >
          <input
            defaultChecked={true}
            id="todo-0"
            onChange={[Function]}
            type="checkbox"
          />
          <label
            className="todo-label"
            htmlFor="todo-0"
          >
            Unit
          </label>
        </div>
        <div
          className="btn-group"
        >
          <button
            className="btn"
            data-testid="todo-view-edit-btn"
            onClick={[Function]}
            type="button"
          >
            Edit 
            <span
              className="visually-hidden"
            >
              Unit
            </span>
          </button>
          <button
            className="btn btn__danger"
            onClick={[Function]}
            type="button"
          >
            Delete 
            <span
              className="visually-hidden"
            >
              Unit
            </span>
          </button>
        </div>
      </div>
    </li>
    <li
      className="todo"
    >
      <div
        className="stack-small"
        data-testid="todo-view"
      >
        <div
          className="c-cb"
        >
          <input
            defaultChecked={true}
            id="todo-1"
            onChange={[Function]}
            type="checkbox"
          />
          <label
            className="todo-label"
            htmlFor="todo-1"
          >
            Test
          </label>
        </div>
        <div
          className="btn-group"
        >
          <button
            className="btn"
            data-testid="todo-view-edit-btn"
            onClick={[Function]}
            type="button"
          >
            Edit 
            <span
              className="visually-hidden"
            >
              Test
            </span>
          </button>
          <button
            className="btn btn__danger"
            onClick={[Function]}
            type="button"
          >
            Delete 
            <span
              className="visually-hidden"
            >
              Test
            </span>
          </button>
        </div>
      </div>
    </li>
    <li
      className="todo"
    >
      <div
        className="stack-small"
        data-testid="todo-view"
      >
        <div
          className="c-cb"
        >
          <input
            defaultChecked={false}
            id="todo-2"
            onChange={[Function]}
            type="checkbox"
          />
          <label
            className="todo-label"
            htmlFor="todo-2"
          >
            Everything
          </label>
        </div>
        <div
          className="btn-group"
        >
          <button
            className="btn"
            data-testid="todo-view-edit-btn"
            onClick={[Function]}
            type="button"
          >
            Edit 
            <span
              className="visually-hidden"
            >
              Everything
            </span>
          </button>
          <button
            className="btn btn__danger"
            onClick={[Function]}
            type="button"
          >
            Delete 
            <span
              className="visually-hidden"
            >
              Everything
            </span>
          </button>
        </div>
      </div>
    </li>
  </ul>
</div>
`;
